User: Invalid latitude. It must be a number of degrees between -85 and +85.

User: Invalid longitude. It must be a number of degrees between -180 and +180.

User: Invalid demand coefficient. It must be a number between -1 and +1.

User: Invalid demand coefficient. It must be a number between -1 and +1.

User: Successfully added location Dubbo.

User: This location already exists.

User: Location:    Dubbo
Latitude:    -32.281102
Longitude:   148.324133
Demand:      +0.4000

User: Invalid location name.

User: Application closed.
