User: Successfully added location Sydney.

User: Successfully added location Brisbane.

User: Successfully added location Dubbo.

User: Locations (3):
Brisbane, Dubbo, Sydney

User: Application closed.
