User: Imported 51 locations.

User: Imported 70 flights.
112 lines were invalid.

User: This location does not exist in the system.

User: This location does not exist in the system.

User: Sydney
-------------------------------------------------------
ID   Time        Departure/Arrival to/from Location
-------------------------------------------------------
   6 Wed 12:00   Departure to Sydney
   3 Thu 00:25   Departure to Sydney

User: Application closed.
