User: Successfully added location berlin.

User: This location already exists.

User: Invalid command. Type 'help' for a list of commands.

User: Application closed.
