HTTP/1.1 300 Custom</h1>
Content-Type: text/html

