User: Successfully added location berlin.

User: Successfully added location NewYork.

User: Successfully added location -1.

User: Invalid ending location.

User: Invalid Flight ID.

User: Invalid command. Type 'help' for a list of commands.

User: Invalid location name.

User: Invalid location name.

User: Application closed.
